FAIL src/sections/9-AttendantCare/__tests__/schema.partial.test.ts
  ● Test suite failed to run

    ReferenceError: D:\delilah_V3.0\src\sections\9-AttendantCare\__tests__\jest.setup.ts: The module factory of `jest.mock()` is not allowed to reference any out-of-scope variables.
    Invalid variable access: mapper
    Allowed objects: AbortController, AbortSignal, AggregateError, Array, ArrayBuffer, Atomics, BigInt, BigInt64Array, BigUint64Array, Blob, Boolean, BroadcastChannel, Buffer, ByteLengthQueuingStrategy, CompressionStream, CountQueuingStrategy, Crypto, CryptoKey, CustomEvent, DOMException, DataView, Date, DecompressionStream, Error, EvalError, Event, EventTarget, File, FinalizationRegistry, Float32Array, Float64Array, FormData, Function, Generator, GeneratorFunction, Headers, Infinity, Int16Array, Int32Array, Int8Array, InternalError, Intl, Iterator, JSON, Map, Math, MessageChannel, MessageEvent, MessagePort, NaN, Navigator, Number, Object, Performance, PerformanceEntry, PerformanceMark, PerformanceMeasure, PerformanceObserver, PerformanceObserverEntryList, PerformanceResourceTiming, Promise, Proxy, RangeError, ReadableByteStreamController, ReadableStream, ReadableStreamBYOBReader, ReadableStreamBYOBRequest, ReadableStreamDefaultController, ReadableStreamDefaultReader, ReferenceError, Reflect, RegExp, Request, Response, Set, SharedArrayBuffer, String, SubtleCrypto, Symbol, SyntaxError, TextDecoder, TextDecoderStream, TextEncoder, TextEncoderStream, TransformStream, TransformStreamDefaultController, TypeError, URIError, URL, URLSearchParams, Uint16Array, Uint32Array, Uint8Array, Uint8ClampedArray, WeakMap, WeakRef, WeakSet, WebAssembly, WebSocket, WritableStream, WritableStreamDefaultController, WritableStreamDefaultWriter, __dirname, __filename, arguments, atob, btoa, clearImmediate, clearInterval, clearTimeout, console, crypto, decodeURI, decodeURIComponent, encodeURI, encodeURIComponent, escape, eval, expect, exports, fetch, global, globalThis, isFinite, isNaN, jest, module, navigator, parseFloat, parseInt, performance, process, queueMicrotask, require, setImmediate, setInterval, setTimeout, structuredClone, undefined, unescape.
    Note: This is a precaution to guard against uninitialized mock variables. If it is ensured that the mock is required lazily, variable names prefixed with `mock` (case insensitive) are permitted.

    [0m [90m 34 |[39m
     [90m 35 |[39m [90m// Setup mock for UI components[39m
    [31m[1m>[22m[39m[90m 36 |[39m jest[33m.[39mmock([32m'@/components/ui/accordion'[39m[33m,[39m () [33m=>[39m mapper[33m.[39muiComponents[33m,[39m { virtual[33m:[39m [36mtrue[39m })[33m;[39m
     [90m    |[39m                                              [31m[1m^[22m[39m[31m[1m^[22m[39m[31m[1m^[22m[39m[31m[1m^[22m[39m[31m[1m^[22m[39m[31m[1m^[22m[39m
     [90m 37 |[39m jest[33m.[39mmock([32m'@/components/ui/card'[39m[33m,[39m () [33m=>[39m mapper[33m.[39muiComponents[33m,[39m { virtual[33m:[39m [36mtrue[39m })[33m;[39m
     [90m 38 |[39m jest[33m.[39mmock([32m'@/components/ui/label'[39m[33m,[39m () [33m=>[39m mapper[33m.[39muiComponents[33m,[39m { virtual[33m:[39m [36mtrue[39m })[33m;[39m
     [90m 39 |[39m jest[33m.[39mmock([32m'@/components/ui/input'[39m[33m,[39m () [33m=>[39m mapper[33m.[39muiComponents[33m,[39m { virtual[33m:[39m [36mtrue[39m })[33m;[39m[0m

      at File.buildCodeFrameError (node_modules/@babel/core/src/transformation/file/file.ts:247:12)
      at NodePath.buildError [as buildCodeFrameError] (node_modules/@babel/traverse/src/path/index.ts:141:21)
      at call (node_modules/@babel/traverse/src/visitors.ts:303:14)
      at NodePath.call [as _call] (node_modules/@babel/traverse/src/path/context.ts:36:20)
      at NodePath.call (node_modules/@babel/traverse/src/path/context.ts:21:18)
      at NodePath.call [as visit] (node_modules/@babel/traverse/src/path/context.ts:97:31)
      at TraversalContext.visit [as visitQueue] (node_modules/@babel/traverse/src/context.ts:148:16)
      at TraversalContext.visitQueue [as visitMultiple] (node_modules/@babel/traverse/src/context.ts:99:17)
      at TraversalContext.visitMultiple [as visit] (node_modules/@babel/traverse/src/context.ts:178:19)
      at visit (node_modules/@babel/traverse/src/traverse-node.ts:40:17)
      at NodePath.visit (node_modules/@babel/traverse/src/path/context.ts:104:33)
      at TraversalContext.visit [as visitQueue] (node_modules/@babel/traverse/src/context.ts:148:16)
      at TraversalContext.visitQueue [as visitSingle] (node_modules/@babel/traverse/src/context.ts:109:19)
      at TraversalContext.visitSingle [as visit] (node_modules/@babel/traverse/src/context.ts:180:19)
      at visit (node_modules/@babel/traverse/src/traverse-node.ts:40:17)
      at traverse (node_modules/@babel/traverse/src/index.ts:83:15)
      at transformFile (node_modules/@babel/core/src/transformation/index.ts:119:15)
          at transformFile.next (<anonymous>)
      at transformFile (node_modules/@babel/core/src/transformation/index.ts:49:12)
          at run.next (<anonymous>)
      at transform (node_modules/@babel/core/src/transform.ts:29:20)
          at transform.next (<anonymous>)
      at evaluateSync (node_modules/gensync/index.js:251:28)
      at sync (node_modules/gensync/index.js:89:14)
      at fn (node_modules/@babel/core/src/errors/rewrite-stack-trace.ts:99:14)
      at transformSync (node_modules/@babel/core/src/transform.ts:66:52)
      at ScriptTransformer.transformSource (node_modules/@jest/transform/build/ScriptTransformer.js:545:31)
      at ScriptTransformer._transformAndBuildScript (node_modules/@jest/transform/build/ScriptTransformer.js:674:40)
      at ScriptTransformer.transform (node_modules/@jest/transform/build/ScriptTransformer.js:726:19)

FAIL src/sections/9-AttendantCare/__tests__/schema.test.ts
  ● Test suite failed to run

    ReferenceError: D:\delilah_V3.0\src\sections\9-AttendantCare\__tests__\jest.setup.ts: The module factory of `jest.mock()` is not allowed to reference any out-of-scope variables.
    Invalid variable access: mapper
    Allowed objects: AbortController, AbortSignal, AggregateError, Array, ArrayBuffer, Atomics, BigInt, BigInt64Array, BigUint64Array, Blob, Boolean, BroadcastChannel, Buffer, ByteLengthQueuingStrategy, CompressionStream, CountQueuingStrategy, Crypto, CryptoKey, CustomEvent, DOMException, DataView, Date, DecompressionStream, Error, EvalError, Event, EventTarget, File, FinalizationRegistry, Float32Array, Float64Array, FormData, Function, Generator, GeneratorFunction, Headers, Infinity, Int16Array, Int32Array, Int8Array, InternalError, Intl, Iterator, JSON, Map, Math, MessageChannel, MessageEvent, MessagePort, NaN, Navigator, Number, Object, Performance, PerformanceEntry, PerformanceMark, PerformanceMeasure, PerformanceObserver, PerformanceObserverEntryList, PerformanceResourceTiming, Promise, Proxy, RangeError, ReadableByteStreamController, ReadableStream, ReadableStreamBYOBReader, ReadableStreamBYOBRequest, ReadableStreamDefaultController, ReadableStreamDefaultReader, ReferenceError, Reflect, RegExp, Request, Response, Set, SharedArrayBuffer, String, SubtleCrypto, Symbol, SyntaxError, TextDecoder, TextDecoderStream, TextEncoder, TextEncoderStream, TransformStream, TransformStreamDefaultController, TypeError, URIError, URL, URLSearchParams, Uint16Array, Uint32Array, Uint8Array, Uint8ClampedArray, WeakMap, WeakRef, WeakSet, WebAssembly, WebSocket, WritableStream, WritableStreamDefaultController, WritableStreamDefaultWriter, __dirname, __filename, arguments, atob, btoa, clearImmediate, clearInterval, clearTimeout, console, crypto, decodeURI, decodeURIComponent, encodeURI, encodeURIComponent, escape, eval, expect, exports, fetch, global, globalThis, isFinite, isNaN, jest, module, navigator, parseFloat, parseInt, performance, process, queueMicrotask, require, setImmediate, setInterval, setTimeout, structuredClone, undefined, unescape.
    Note: This is a precaution to guard against uninitialized mock variables. If it is ensured that the mock is required lazily, variable names prefixed with `mock` (case insensitive) are permitted.

    [0m [90m 34 |[39m
     [90m 35 |[39m [90m// Setup mock for UI components[39m
    [31m[1m>[22m[39m[90m 36 |[39m jest[33m.[39mmock([32m'@/components/ui/accordion'[39m[33m,[39m () [33m=>[39m mapper[33m.[39muiComponents[33m,[39m { virtual[33m:[39m [36mtrue[39m })[33m;[39m
     [90m    |[39m                                              [31m[1m^[22m[39m[31m[1m^[22m[39m[31m[1m^[22m[39m[31m[1m^[22m[39m[31m[1m^[22m[39m[31m[1m^[22m[39m
     [90m 37 |[39m jest[33m.[39mmock([32m'@/components/ui/card'[39m[33m,[39m () [33m=>[39m mapper[33m.[39muiComponents[33m,[39m { virtual[33m:[39m [36mtrue[39m })[33m;[39m
     [90m 38 |[39m jest[33m.[39mmock([32m'@/components/ui/label'[39m[33m,[39m () [33m=>[39m mapper[33m.[39muiComponents[33m,[39m { virtual[33m:[39m [36mtrue[39m })[33m;[39m
     [90m 39 |[39m jest[33m.[39mmock([32m'@/components/ui/input'[39m[33m,[39m () [33m=>[39m mapper[33m.[39muiComponents[33m,[39m { virtual[33m:[39m [36mtrue[39m })[33m;[39m[0m

      at File.buildCodeFrameError (node_modules/@babel/core/src/transformation/file/file.ts:247:12)
      at NodePath.buildError [as buildCodeFrameError] (node_modules/@babel/traverse/src/path/index.ts:141:21)
      at call (node_modules/@babel/traverse/src/visitors.ts:303:14)
      at NodePath.call [as _call] (node_modules/@babel/traverse/src/path/context.ts:36:20)
      at NodePath.call (node_modules/@babel/traverse/src/path/context.ts:21:18)
      at NodePath.call [as visit] (node_modules/@babel/traverse/src/path/context.ts:97:31)
      at TraversalContext.visit [as visitQueue] (node_modules/@babel/traverse/src/context.ts:148:16)
      at TraversalContext.visitQueue [as visitMultiple] (node_modules/@babel/traverse/src/context.ts:99:17)
      at TraversalContext.visitMultiple [as visit] (node_modules/@babel/traverse/src/context.ts:178:19)
      at visit (node_modules/@babel/traverse/src/traverse-node.ts:40:17)
      at NodePath.visit (node_modules/@babel/traverse/src/path/context.ts:104:33)
      at TraversalContext.visit [as visitQueue] (node_modules/@babel/traverse/src/context.ts:148:16)
      at TraversalContext.visitQueue [as visitSingle] (node_modules/@babel/traverse/src/context.ts:109:19)
      at TraversalContext.visitSingle [as visit] (node_modules/@babel/traverse/src/context.ts:180:19)
      at visit (node_modules/@babel/traverse/src/traverse-node.ts:40:17)
      at traverse (node_modules/@babel/traverse/src/index.ts:83:15)
      at transformFile (node_modules/@babel/core/src/transformation/index.ts:119:15)
          at transformFile.next (<anonymous>)
      at transformFile (node_modules/@babel/core/src/transformation/index.ts:49:12)
          at run.next (<anonymous>)
      at transform (node_modules/@babel/core/src/transform.ts:29:20)
          at transform.next (<anonymous>)
      at evaluateSync (node_modules/gensync/index.js:251:28)
      at sync (node_modules/gensync/index.js:89:14)
      at fn (node_modules/@babel/core/src/errors/rewrite-stack-trace.ts:99:14)
      at transformSync (node_modules/@babel/core/src/transform.ts:66:52)
      at ScriptTransformer.transformSource (node_modules/@jest/transform/build/ScriptTransformer.js:545:31)
      at ScriptTransformer._transformAndBuildScript (node_modules/@jest/transform/build/ScriptTransformer.js:674:40)
      at ScriptTransformer.transform (node_modules/@jest/transform/build/ScriptTransformer.js:726:19)

(node:19844) [DEP0040] DeprecationWarning: The `punycode` module is deprecated. Please use a userland alternative instead.
(Use `node --trace-deprecation ...` to show where the warning was created)
(node:5564) [DEP0040] DeprecationWarning: The `punycode` module is deprecated. Please use a userland alternative instead.
(Use `node --trace-deprecation ...` to show where the warning was created)
Test Suites: 2 failed, 2 total
Tests:       0 total
Snapshots:   0 total
Time:        1.898 s
